
> grit-web@0.1.0 build
> next build --webpack

node.exe : ΓÜá Attempted to load @next/swc-win32-x64-msvc, but an error occurred: 
\\?\G:\Antigravity\Grit\node_modules\@next\swc-win32-x64-msvc\next-swc.win32-x64-msvc.node is not a valid Win32 
application.
At line:1 char:1
+ & "C:\Program Files\nodejs/node.exe" "C:\Program Files\nodejs/node_mo ...
+ ~~~~~~~~~~~~~~~~~~~~~~~~~~~~~~~~~~~~~~~~~~~~~~~~~~~~~~~~~~~~~~~~~~~~~
    + CategoryInfo          : NotSpecified: (ΓÜá Attempted t...32 application.:String) [], RemoteException
    + FullyQualifiedErrorId : NativeCommandError
 
\\?\G:\Antigravity\Grit\node_modules\@next\swc-win32-x64-msvc\next-swc.win32-x64-msvc.node
  Skipping creating a lockfile at G:\Antigravity\Grit\.next\lock because we're using WASM bindings
Γû▓ Next.js 16.2.2 (webpack)
- Environments: .env.local, .env.production, .env

ΓÜá The "middleware" file convention is deprecated. Please use "proxy" instead. Learn more: 
https://nextjs.org/docs/messages/middleware-to-proxy
  Creating an optimized production build ...
 Γ£ô (pwa) Compiling for server...
 Γ£ô (pwa) Compiling for server...
 Γ£ô (pwa) Compiling for client (static)...
 Γùï (pwa) Service worker: G:\Antigravity\Grit\public\sw.js
 Γùï (pwa)   URL: /sw.js
 Γùï (pwa)   Scope: /
 Γùï (pwa) Custom runtimeCaching array found, using it to extend the default one.
<w> [webpack.cache.PackFileCacheStrategy] Serializing big strings (215kiB) impacts deserialization performance 
(consider using Buffer instead and decode when needed)
Failed to compile.

./src/components/shop/ReviewSection.tsx
Error:   x Expression expected
    ,-[G:\Antigravity\Grit\src\components\shop\ReviewSection.tsx:74:1]
 71 |     return () => {
 72 |       void supabase.removeChannel(channel);
 73 |     };
 74 |   }, [productId, fetchReviews, supabase]);
    :    ^
 75 | 
 76 |   const handleSubmitReview = async () => {
 77 |     if (!user) {
    `----

Caused by:
    0: failed to process js file
    1: Syntax Error
    at module.exports.__wbindgen_error_new 
(G:\Antigravity\Grit\node_modules\next\wasm\@next\swc-wasm-nodejs\wasm.js:665:17)
    at wasm.wasm.__wbindgen_error_new externref shim (wasm://wasm/wasm.wasm-0849fe6e:wasm-function[35092]:0x14cb866)
    at wasm.wasm.wasm[1883d881a7905053]::transform_sync (wasm://wasm/wasm.wasm-0849fe6e:wasm-function[1005]:0x666203)
    at wasm.wasm.wasm_bindgen_futures[9d7b310d6153a321]::future_to_promise::<wasm[1883d881a7905053]::transform::{closur
e#0}>::{closure#0}::{closure#0} (wasm://wasm/wasm.wasm-0849fe6e:wasm-function[13850]:0x11b9878)
    at wasm.wasm.<wasm_bindgen_futures[9d7b310d6153a321]::queue::Queue>::new::{closure#0} 
(wasm://wasm/wasm.wasm-0849fe6e:wasm-function[9603]:0xff85b8)
    at wasm.wasm.<dyn core[f69e0e472a72c355]::ops::function::FnMut<(_,), Output = _> as 
wasm_bindgen[d64814e1a33cf728]::closure::WasmClosure>::describe::invoke::<wasm_bindgen[d64814e1a33cf728]::JsValue, ()> 
(wasm://wasm/wasm.wasm-0849fe6e:wasm-function[34561]:0x14c7a1b)
    at wasm.wasm.closure5233 externref shim (wasm://wasm/wasm.wasm-0849fe6e:wasm-function[35955]:0x14d0e94)
    at __wbg_adapter_50 (G:\Antigravity\Grit\node_modules\next\wasm\@next\swc-wasm-nodejs\wasm.js:367:10)
    at real (G:\Antigravity\Grit\node_modules\next\wasm\@next\swc-wasm-nodejs\wasm.js:140:20)
    at processTicksAndRejections (node:internal/process/task_queues:104:5)

Import trace for requested module:
./src/components/shop/ReviewSection.tsx
./src/app/shop/[category]/[slug]/page.tsx


> Build failed because of webpack errors
