.next/dev/types/validator.ts(152,39): error TS2307: Cannot find module '../../../src/app/dev/webhooks/page.js' or its corresponding type declarations.
.next/dev/types/validator.ts(332,39): error TS2307: Cannot find module '../../../src/app/api/auth/session/route.js' or its corresponding type declarations.
.next/dev/types/validator.ts(341,39): error TS2307: Cannot find module '../../../src/app/api/dev/seed/route.js' or its corresponding type declarations.
